---
http_interactions:
- request:
    method: delete
    uri: https://api.pinecone.io/indexes/test-index
    body:
      encoding: US-ASCII
      string: ''
    headers:
      Content-Type:
      - application/json
      Accept:
      - application/json
      Api-Key:
      - "<PINECONE_API_KEY>"
      Accept-Encoding:
      - gzip;q=1.0,deflate;q=0.6,identity;q=0.3
      User-Agent:
      - Ruby
  response:
    status:
      code: 202
      message: Accepted
    headers:
      Access-Control-Allow-Origin:
      - "*"
      Vary:
      - origin,access-control-request-method,access-control-request-headers
      Access-Control-Expose-Headers:
      - "*"
      X-Pinecone-Api-Version:
      - 2024-04
      X-Cloud-Trace-Context:
      - 800e5ad46655ccd62ec6d93bd297c4a5
      Date:
      - Wed, 07 Aug 2024 18:26:48 GMT
      Content-Type:
      - text/html
      Server:
      - Google Frontend
      Content-Length:
      - '0'
      Via:
      - 1.1 google
      Alt-Svc:
      - h3=":443"; ma=2592000,h3-29=":443"; ma=2592000
    body:
      encoding: UTF-8
      string: ''
  recorded_at: Wed, 07 Aug 2024 18:26:48 GMT
- request:
    method: get
    uri: https://api.pinecone.io/indexes/test-index
    body:
      encoding: US-ASCII
      string: ''
    headers:
      Content-Type:
      - application/json
      Accept:
      - application/json
      Api-Key:
      - "<PINECONE_API_KEY>"
      Accept-Encoding:
      - gzip;q=1.0,deflate;q=0.6,identity;q=0.3
      User-Agent:
      - Ruby
  response:
    status:
      code: 200
      message: OK
    headers:
      Content-Type:
      - application/json
      Access-Control-Allow-Origin:
      - "*"
      Vary:
      - origin,access-control-request-method,access-control-request-headers
      Access-Control-Expose-Headers:
      - "*"
      X-Pinecone-Api-Version:
      - 2024-04
      X-Cloud-Trace-Context:
      - 28bf0a91e9f1b538c8939d0a724bd3de
      Date:
      - Wed, 07 Aug 2024 18:26:48 GMT
      Server:
      - Google Frontend
      Content-Length:
      - '259'
      Via:
      - 1.1 google
      Alt-Svc:
      - h3=":443"; ma=2592000,h3-29=":443"; ma=2592000
    body:
      encoding: UTF-8
      string: '{"name":"test-index","metric":"dotproduct","dimension":3,"status":{"ready":false,"state":"Terminating"},"host":"test-index-b2e8921.svc.<PINECONE_ENVIRONMENT>.pinecone.io","spec":{"pod":{"replicas":1,"shards":1,"pods":1,"pod_type":"p1.x1","environment":"<PINECONE_ENVIRONMENT>"}}}'
  recorded_at: Wed, 07 Aug 2024 18:26:48 GMT
- request:
    method: post
    uri: https://api.pinecone.io/indexes
    body:
      encoding: UTF-8
      string: '{"metric":"dotproduct","name":"test-index","dimension":3,"spec":{"pod":{"environment":"<PINECONE_ENVIRONMENT>","pod_type":"p1.x1"}}}'
    headers:
      Content-Type:
      - application/json
      Accept:
      - application/json
      Api-Key:
      - "<PINECONE_API_KEY>"
      Accept-Encoding:
      - gzip;q=1.0,deflate;q=0.6,identity;q=0.3
      User-Agent:
      - Ruby
  response:
    status:
      code: 409
      message: Conflict
    headers:
      Content-Type:
      - text/plain; charset=utf-8
      Access-Control-Allow-Origin:
      - "*"
      Vary:
      - origin,access-control-request-method,access-control-request-headers
      Access-Control-Expose-Headers:
      - "*"
      X-Pinecone-Api-Version:
      - 2024-04
      X-Cloud-Trace-Context:
      - 26c5d4a116c520b50b13e88d410198a3
      Date:
      - Wed, 07 Aug 2024 18:26:48 GMT
      Server:
      - Google Frontend
      Content-Length:
      - '85'
      Via:
      - 1.1 google
      Alt-Svc:
      - h3=":443"; ma=2592000,h3-29=":443"; ma=2592000
    body:
      encoding: UTF-8
      string: '{"error":{"code":"ALREADY_EXISTS","message":"Resource  already exists"},"status":409}'
  recorded_at: Wed, 07 Aug 2024 18:26:48 GMT
recorded_with: VCR 6.1.0
