---
http_interactions:
- request:
    method: post
    uri: https://server-index-b2e8921.svc.<PINECONE_ENVIRONMENT>.pinecone.io/vectors/upsert
    body:
      encoding: UTF-8
      string: '{"vectors":[{"values":[1,2,3],"id":"5"}]}'
    headers:
      Content-Type:
      - application/json
      Accept:
      - application/json
      Api-Key:
      - "<PINECONE_API_KEY>"
      Accept-Encoding:
      - gzip;q=1.0,deflate;q=0.6,identity;q=0.3
      User-Agent:
      - Ruby
  response:
    status:
      code: 200
      message: OK
    headers:
      Content-Type:
      - application/json
      Date:
      - Wed, 07 Aug 2024 18:46:07 GMT
      X-Envoy-Upstream-Service-Time:
      - '745'
      Grpc-Status:
      - '0'
      Content-Length:
      - '19'
      Server:
      - envoy
    body:
      encoding: UTF-8
      string: '{"upsertedCount":1}'
  recorded_at: Wed, 07 Aug 2024 18:46:07 GMT
- request:
    method: post
    uri: https://server-index-b2e8921.svc.<PINECONE_ENVIRONMENT>.pinecone.io/vectors/delete
    body:
      encoding: UTF-8
      string: '{"namespace":"","ids":["5"],"deleteAll":false}'
    headers:
      Content-Type:
      - application/json
      Accept:
      - application/json
      Api-Key:
      - "<PINECONE_API_KEY>"
      Accept-Encoding:
      - gzip;q=1.0,deflate;q=0.6,identity;q=0.3
      User-Agent:
      - Ruby
  response:
    status:
      code: 200
      message: OK
    headers:
      Content-Type:
      - application/json
      Date:
      - Wed, 07 Aug 2024 18:46:07 GMT
      X-Envoy-Upstream-Service-Time:
      - '8'
      Grpc-Status:
      - '0'
      Content-Length:
      - '2'
      Server:
      - envoy
    body:
      encoding: UTF-8
      string: "{}"
  recorded_at: Wed, 07 Aug 2024 18:46:07 GMT
- request:
    method: post
    uri: https://server-index-b2e8921.svc.<PINECONE_ENVIRONMENT>.pinecone.io/vectors/delete
    body:
      encoding: UTF-8
      string: '{"namespace":"","ids":[],"deleteAll":true}'
    headers:
      Content-Type:
      - application/json
      Accept:
      - application/json
      Api-Key:
      - "<PINECONE_API_KEY>"
      Accept-Encoding:
      - gzip;q=1.0,deflate;q=0.6,identity;q=0.3
      User-Agent:
      - Ruby
  response:
    status:
      code: 200
      message: OK
    headers:
      Content-Type:
      - application/json
      Date:
      - Wed, 07 Aug 2024 18:46:07 GMT
      X-Envoy-Upstream-Service-Time:
      - '8'
      Grpc-Status:
      - '0'
      Content-Length:
      - '2'
      Server:
      - envoy
    body:
      encoding: UTF-8
      string: "{}"
  recorded_at: Wed, 07 Aug 2024 18:46:07 GMT
- request:
    method: get
    uri: https://api.pinecone.io/indexes/serverless-index
    body:
      encoding: US-ASCII
      string: ''
    headers:
      Content-Type:
      - application/json
      Accept:
      - application/json
      Api-Key:
      - "<PINECONE_API_KEY>"
      Accept-Encoding:
      - gzip;q=1.0,deflate;q=0.6,identity;q=0.3
      User-Agent:
      - Ruby
  response:
    status:
      code: 200
      message: OK
    headers:
      Content-Type:
      - application/json
      Access-Control-Allow-Origin:
      - "*"
      Vary:
      - origin,access-control-request-method,access-control-request-headers
      Access-Control-Expose-Headers:
      - "*"
      X-Pinecone-Api-Version:
      - 2024-04
      X-Cloud-Trace-Context:
      - bf96dae9e847af1d195b13481ba761de
      Date:
      - Thu, 08 Aug 2024 20:21:55 GMT
      Server:
      - Google Frontend
      Content-Length:
      - '227'
      Via:
      - 1.1 google
      Alt-Svc:
      - h3=":443"; ma=2592000,h3-29=":443"; ma=2592000
    body:
      encoding: UTF-8
      string: '{"name":"serverless-index","metric":"dotproduct","dimension":3,"status":{"ready":true,"state":"Ready"},"host":"serverless-index-b2e8921.svc.aped-4627-b74a.pinecone.io","spec":{"serverless":{"region":"us-east-1","cloud":"aws"}}}'
  recorded_at: Thu, 08 Aug 2024 20:21:55 GMT
- request:
    method: post
    uri: https://serverless-index-b2e8921.svc.aped-4627-b74a.pinecone.io/vectors/delete
    body:
      encoding: UTF-8
      string: '{"namespace":"example-namespace","ids":[],"deleteAll":true}'
    headers:
      Content-Type:
      - application/json
      Accept:
      - application/json
      Api-Key:
      - "<PINECONE_API_KEY>"
      Accept-Encoding:
      - gzip;q=1.0,deflate;q=0.6,identity;q=0.3
      User-Agent:
      - Ruby
  response:
    status:
      code: 404
      message: Not Found
    headers:
      Date:
      - Thu, 08 Aug 2024 20:21:55 GMT
      Content-Type:
      - application/json
      Content-Length:
      - '55'
      Connection:
      - keep-alive
      X-Pinecone-Request-Latency-Ms:
      - '1'
      X-Pinecone-Request-Id:
      - '5012131380901728247'
      X-Envoy-Upstream-Service-Time:
      - '2'
      Server:
      - envoy
    body:
      encoding: UTF-8
      string: '{"code":5,"message":"Namespace not found","details":[]}'
  recorded_at: Thu, 08 Aug 2024 20:21:55 GMT
- request:
    method: post
    uri: https://serverless-index-b2e8921.svc.aped-4627-b74a.pinecone.io/vectors/delete
    body:
      encoding: UTF-8
      string: '{"namespace":"","ids":[],"deleteAll":true}'
    headers:
      Content-Type:
      - application/json
      Accept:
      - application/json
      Api-Key:
      - "<PINECONE_API_KEY>"
      Accept-Encoding:
      - gzip;q=1.0,deflate;q=0.6,identity;q=0.3
      User-Agent:
      - Ruby
  response:
    status:
      code: 404
      message: Not Found
    headers:
      Date:
      - Thu, 08 Aug 2024 20:21:55 GMT
      Content-Type:
      - application/json
      Content-Length:
      - '55'
      Connection:
      - keep-alive
      X-Pinecone-Request-Latency-Ms:
      - '1'
      X-Pinecone-Request-Id:
      - '5145531113873903389'
      X-Envoy-Upstream-Service-Time:
      - '2'
      Server:
      - envoy
    body:
      encoding: UTF-8
      string: '{"code":5,"message":"Namespace not found","details":[]}'
  recorded_at: Thu, 08 Aug 2024 20:21:55 GMT
- request:
    method: get
    uri: https://api.pinecone.io/indexes/server-index
    body:
      encoding: US-ASCII
      string: ''
    headers:
      Content-Type:
      - application/json
      Accept:
      - application/json
      Api-Key:
      - "<PINECONE_API_KEY>"
      Accept-Encoding:
      - gzip;q=1.0,deflate;q=0.6,identity;q=0.3
      User-Agent:
      - Ruby
  response:
    status:
      code: 200
      message: OK
    headers:
      Content-Type:
      - application/json
      Access-Control-Allow-Origin:
      - "*"
      Vary:
      - origin,access-control-request-method,access-control-request-headers
      Access-Control-Expose-Headers:
      - "*"
      X-Pinecone-Api-Version:
      - 2024-04
      X-Cloud-Trace-Context:
      - f6a429f79aaaddc8ab06d09a213221f7
      Date:
      - Thu, 08 Aug 2024 20:21:55 GMT
      Server:
      - Google Frontend
      Content-Length:
      - '256'
      Via:
      - 1.1 google
      Alt-Svc:
      - h3=":443"; ma=2592000,h3-29=":443"; ma=2592000
    body:
      encoding: UTF-8
      string: '{"name":"server-index","metric":"dotproduct","dimension":3,"status":{"ready":true,"state":"Ready"},"host":"server-index-b2e8921.svc.<PINECONE_ENVIRONMENT>.pinecone.io","spec":{"pod":{"replicas":1,"shards":1,"pods":1,"pod_type":"p1.x1","environment":"<PINECONE_ENVIRONMENT>"}}}'
  recorded_at: Thu, 08 Aug 2024 20:21:55 GMT
- request:
    method: post
    uri: https://server-index-b2e8921.svc.<PINECONE_ENVIRONMENT>.pinecone.io/vectors/delete
    body:
      encoding: UTF-8
      string: '{"namespace":"example-namespace","ids":[],"deleteAll":true}'
    headers:
      Content-Type:
      - application/json
      Accept:
      - application/json
      Api-Key:
      - "<PINECONE_API_KEY>"
      Accept-Encoding:
      - gzip;q=1.0,deflate;q=0.6,identity;q=0.3
      User-Agent:
      - Ruby
  response:
    status:
      code: 200
      message: OK
    headers:
      Content-Type:
      - application/json
      Date:
      - Thu, 08 Aug 2024 20:21:56 GMT
      X-Envoy-Upstream-Service-Time:
      - '7'
      Grpc-Status:
      - '0'
      Content-Length:
      - '2'
      Server:
      - envoy
    body:
      encoding: UTF-8
      string: "{}"
  recorded_at: Thu, 08 Aug 2024 20:21:56 GMT
- request:
    method: post
    uri: https://server-index-b2e8921.svc.<PINECONE_ENVIRONMENT>.pinecone.io/vectors/delete
    body:
      encoding: UTF-8
      string: '{"namespace":"","ids":[],"deleteAll":true}'
    headers:
      Content-Type:
      - application/json
      Accept:
      - application/json
      Api-Key:
      - "<PINECONE_API_KEY>"
      Accept-Encoding:
      - gzip;q=1.0,deflate;q=0.6,identity;q=0.3
      User-Agent:
      - Ruby
  response:
    status:
      code: 200
      message: OK
    headers:
      Content-Type:
      - application/json
      Date:
      - Thu, 08 Aug 2024 20:21:56 GMT
      X-Envoy-Upstream-Service-Time:
      - '7'
      Grpc-Status:
      - '0'
      Content-Length:
      - '2'
      Server:
      - envoy
    body:
      encoding: UTF-8
      string: "{}"
  recorded_at: Thu, 08 Aug 2024 20:21:56 GMT
recorded_with: VCR 6.1.0
